postgres-# \l
                                                                 List of databases
    Name    |  Owner   | Encoding |          Collate           |           Ctype            | ICU Locale | Locale Provider |   Access privileges
------------+----------+----------+----------------------------+----------------------------+------------+-----------------+-----------------------
 mydatabase | postgres | UTF8     | English_United States.1252 | English_United States.1252 |            | libc            | =Tc/postgres         +
            |          |          |                            |                            |            |                 | postgres=CTc/postgres+
            |          |          |                            |                            |            |                 | db_user=CTc/postgres
 postgres   | postgres | UTF8     | English_United States.1252 | English_United States.1252 |            | libc            |
 template0  | postgres | UTF8     | English_United States.1252 | English_United States.1252 |            | libc            | =c/postgres          +
            |          |          |                            |                            |            |                 | postgres=CTc/postgres
 template1  | postgres | UTF8     | English_United States.1252 | English_United States.1252 |            | libc            | =c/postgres          +
            |          |          |                            |                            |            |                 | postgres=CTc/postgres
(4 rows)


postgres-# \c mydatabase
You are now connected to database "mydatabase" as user "postgres".
mydatabase-# \dt
Did not find any relations.
mydatabase-# SELECT * FROM your_table_name;
ERROR:  syntax error at or near "SELECT"
LINE 2: SELECT * FROM your_table_name;
        ^
mydatabase=# SELECT * FROM pg_stat_activity;
 datid |  datname   |  pid  | leader_pid | usesysid | usename  | application_name | client_addr | client_hostname | client_port |          backend_start           |            xact_start            |           query_start            |           state_change           | wait_event_type |     wait_event      | state  | backend_xid | backend_xmin | query_id |              query              |         backend_type
-------+------------+-------+------------+----------+----------+------------------+-------------+-----------------+-------------+----------------------------------+----------------------------------+----------------------------------+----------------------------------+-----------------+---------------------+--------+-------------+--------------+----------+---------------------------------+------------------------------
       |            |  5948 |            |          |          |                  |             |                 |             | 2025-07-14 19:46:53.759363+05:30 |                                  |                                  |                                  | Activity        | AutoVacuumMain      |        |             |              |          |                                 | autovacuum launcher
       |            | 16196 |            |       10 | postgres |                  |             |                 |             | 2025-07-14 19:46:53.770313+05:30 |                                  |                                  |                                  | Activity        | LogicalLauncherMain |        |             |              |          |                                 | logical replication launcher
 16398 | mydatabase | 11788 |            |       10 | postgres | psql             | ::1         |                 |       53697 | 2025-07-14 20:30:08.161081+05:30 | 2025-07-14 20:30:32.295749+05:30 | 2025-07-14 20:30:32.295749+05:30 | 2025-07-14 20:30:32.295757+05:30 |                 |                     | active |             |          740 |          | SELECT * FROM pg_stat_activity; | client backend
       |            | 21412 |            |          |          |                  |             |                 |             | 2025-07-14 19:46:53.632681+05:30 |                                  |                                  |                                  | Activity        | BgWriterHibernate   |        |             |              |          |                                 | background writer
       |            | 20704 |            |          |          |                  |             |                 |             | 2025-07-14 19:46:53.725566+05:30 |                                  |                                  |                                  | Activity        | CheckpointerMain    |        |             |              |          |                                 | checkpointer
       |            | 20840 |            |          |          |                  |             |                 |             | 2025-07-14 19:46:53.749527+05:30 |                                  |                                  |                                  | Activity        | WalWriterMain       |        |             |              |          |                                 | walwriter
(6 rows)


mydatabase=#